// Vitest Snapshot v1, https://vitest.dev/guide/snapshot.html

exports[`classifyTickers prompt > formats the user message with the ticker list 1`] = `"{"symbols":["VXUS","VTIAX","TLT"]}"`;

exports[`classifyTickers prompt > includes the system rules 1`] = `
"You are a financial-data classifier. You receive a list of brokerage ticker symbols and return one structured classification per symbol.

Rules:
- Return one entry per input symbol, in the same order.
- Use the canonical ticker as the symbol field (e.g., "BRK-B" not "BRK B").
- Pick the most accurate asset_class from the allowed enum. Be precise: VXUS is international_equity, not us_equity_total_market.
- expense_ratio: provide the published ratio as a decimal (e.g., 0.0007 for 7 basis points). May be null for individual stocks and money-market funds.
- For asset_class "us_equity_sector": include a sector_tag like "utilities", "healthcare", "technology", "consumer_staples", "industrials", "energy", "financials", "real_estate", "materials", "communication_services", "consumer_discretionary".
- For asset_class "balanced": include underlying_composition with us_equity / international_equity / fixed_income / cash weights summing to 1.0.
- For asset_class "individual_stock": include best-effort stock_metrics. Use null for any field you don't have data for, but provide values where you can — even slightly stale data is useful.
- For asset_class "unknown": use ONLY when the ticker is genuinely unrecognized. Include a notes field explaining (e.g., "no public market data found").
- classified_at: today's date in YYYY-MM-DD format.

Output format: Return ONLY a JSON object of shape { "entries": [ ... ] }, where each entry has these fields:
- symbol (string): the canonical ticker
- asset_class (string): one of the allowed enum values
- expense_ratio (number or null): see rules above
- classified_at (string): today's date as YYYY-MM-DD
- sector_tag (string): required if asset_class is "us_equity_sector"
- underlying_composition (object): required if asset_class is "balanced"; shape { us_equity, international_equity, fixed_income, cash } — numbers summing to 1.0
- stock_metrics (object): required if asset_class is "individual_stock"; shape { pe_ratio, ev_ebitda, fcf_yield, roe, eps_growth_yoy, revenue_growth_yoy, net_debt_ebitda, beta, analyst_consensus } — each value is a number or null
- notes (string): optional; required if asset_class is "unknown"

Do not include any other text, markdown, or explanation. Return ONLY the JSON object."
`;
