// Vitest Snapshot v1, https://vitest.dev/guide/snapshot.html

exports[`renderPulseInput > produces a deterministic JSON string for a given input 1`] = `
"{
  "situation": {
    "title": "Rollover IRA — T3 deployment",
    "intent": "Deploying $600k from old IRA in 3 tranches; T1+T2 done; T3 pending.",
    "target_date": "2026-06-30",
    "portfolio_effects": [
      {
        "type": "mark_cash_pending",
        "amount_usd": 200000
      }
    ],
    "prior_verdicts": []
  },
  "macro": {
    "regime": "late_cycle",
    "vix": 18.2,
    "yield_curve_spread_10y_2y": 0.42,
    "yield_curve_status": "normal",
    "federal_funds_rate": 4.25,
    "cpi_yoy_core": 3.1,
    "hy_credit_spread_oas_bps": 340,
    "lei_consecutive_declines": 0
  },
  "portfolio_snapshot": {
    "snapshot_date": "2026-05-09",
    "holding_count": 0,
    "total_value": 0
  },
  "related_flags": []
}"
`;
